20
-1
-1
-1
-1
247
-1
-1
-1
-1
-1
356
-1
-1
-1
-1
-1
489
652
819
