645
-1
958
1047
-1
1336
-1
-1
-1
-1
-1
-1
-1
-1
1567
-1
-1
-1
1736
-1
