-1
-1
20
-1
-1
-1
61
-1
-1
-1
213
-1
-1
-1
-1
254
375
-1
-1
414
